<testsuites id="" name="" tests="6" failures="0" skipped="0" errors="0" time="2.218281">
<testsuite name="basic-functionality.spec.js" timestamp="2025-12-03T00:01:28.767Z" hostname="chromium" tests="6" failures="0" skipped="0" time="6.878" errors="0">
<testcase name="Hair At Home - Basic Functionality › page loads correctly with proper title" classname="basic-functionality.spec.js" time="1.175">
</testcase>
<testcase name="Hair At Home - Basic Functionality › navigation menu is present and functional" classname="basic-functionality.spec.js" time="1.113">
</testcase>
<testcase name="Hair At Home - Basic Functionality › hero section displays correctly" classname="basic-functionality.spec.js" time="1.175">
</testcase>
<testcase name="Hair At Home - Basic Functionality › mobile hamburger menu works on small screens" classname="basic-functionality.spec.js" time="1.15">
</testcase>
<testcase name="Hair At Home - Basic Functionality › all sections are present on the page" classname="basic-functionality.spec.js" time="1.101">
</testcase>
<testcase name="Hair At Home - Basic Functionality › contact information is displayed" classname="basic-functionality.spec.js" time="1.164">
</testcase>
</testsuite>
</testsuites>